\BOOKMARK [1][]{Doc-Start}{\376\377\000C\000\342\000u\000\040\0001}{}% 1
\BOOKMARK [2][]{section*.1}{\376\377\000a\000\051}{Doc-Start}% 2
\BOOKMARK [2][]{figure.caption.2}{\376\377\000b\000\051}{Doc-Start}% 3
\BOOKMARK [2][]{lstnumber.1.35}{\376\377\000c\000\051}{Doc-Start}% 4
\BOOKMARK [1][]{lstnumber.5.13}{\376\377\000C\000\342\000u\000\040\0002}{}% 5
\BOOKMARK [2][]{section*.3}{\376\377\000a\000\051}{lstnumber.5.13}% 6
\BOOKMARK [2][]{figure.caption.8}{\376\377\000b\000\051}{lstnumber.5.13}% 7
\BOOKMARK [2][]{lstnumber.10.30}{\376\377\000c\000\051}{lstnumber.5.13}% 8
\BOOKMARK [1][]{lstnumber.18.9}{\376\377\000C\000\342\000u\000\040\0003}{}% 9
\BOOKMARK [2][]{section*.9}{\376\377\000a\000\051}{lstnumber.18.9}% 10
\BOOKMARK [2][]{figure.caption.14}{\376\377\000b\000\051}{lstnumber.18.9}% 11
\BOOKMARK [2][]{lstnumber.20.60}{\376\377\000c\000\051}{lstnumber.18.9}% 12
\BOOKMARK [1][]{lstnumber.24.6}{\376\377\000C\000\342\000u\000\040\0004}{}% 13
\BOOKMARK [2][]{figure.caption.15}{\376\377\000a\000\051}{lstnumber.24.6}% 14
\BOOKMARK [2][]{figure.caption.20}{\376\377\000b\000\051}{lstnumber.24.6}% 15
\BOOKMARK [2][]{lstnumber.27.84}{\376\377\000c\000\051}{lstnumber.24.6}% 16
\BOOKMARK [1][]{lstnumber.30.26}{\376\377\000C\000\342\000u\000\040\0005}{}% 17
\BOOKMARK [2][]{table.caption.21}{\376\377\000a\000\051}{lstnumber.30.26}% 18
\BOOKMARK [2][]{figure.caption.27}{\376\377\000b\000\051}{lstnumber.30.26}% 19
\BOOKMARK [2][]{lstnumber.33.45}{\376\377\000c\000\051}{lstnumber.30.26}% 20
\BOOKMARK [1][]{lstnumber.40.8}{\376\377\000C\000\342\000u\000\040\0006}{}% 21
\BOOKMARK [2][]{figure.caption.30}{\376\377\000a\000\051}{lstnumber.40.8}% 22
\BOOKMARK [2][]{figure.caption.36}{\376\377\000b\000\051}{lstnumber.40.8}% 23
\BOOKMARK [2][]{lstnumber.48.36}{\376\377\000c\000\051}{lstnumber.40.8}% 24
